#-----------------------------------------------------------
# Vivado v2020.2 (64-bit)
# SW Build 3064766 on Wed Nov 18 09:12:45 MST 2020
# IP Build 3064653 on Wed Nov 18 14:17:31 MST 2020
# Start of session at: Mon Oct  3 18:46:48 2022
# Process ID: 8548
# Current directory: E:/vivado/lab_4_1_latch
# Command line: vivado.exe -gui_launcher_event rodinguilauncherevent6440 E:\vivado\lab_4_1_latch\lab_4_1.xpr
# Log file: E:/vivado/lab_4_1_latch/vivado.log
# Journal file: E:/vivado/lab_4_1_latch\vivado.jou
#-----------------------------------------------------------
start_gui
open_project E:/vivado/lab_4_1_latch/lab_4_1.xpr
update_compile_order -fileset sources_1
launch_simulation
source d_latch_tst.tcl
file mkdir E:/vivado/lab_4_1_latch/lab_4_1.srcs/constrs_1
file mkdir E:/vivado/lab_4_1_latch/lab_4_1.srcs/constrs_1/new
close [ open E:/vivado/lab_4_1_latch/lab_4_1.srcs/constrs_1/new/d_latch.xdc w ]
add_files -fileset constrs_1 E:/vivado/lab_4_1_latch/lab_4_1.srcs/constrs_1/new/d_latch.xdc
launch_runs impl_1 -jobs 8
wait_on_run impl_1
open_run impl_1
close_sim
